// Jest Snapshot v1, https://goo.gl/fbAQLP

exports[`Nav Component Snapshot test for Nav component 1`] = `
<DocumentFragment>
  <header>
    <a
      data-testid="link"
      href="/"
    >
      <span
        aria-label="camera"
        role="img"
      >
        ðŸ“¸
      </span>
      Oh Snap!
    </a>
    <nav>
      <ul
        class="flex-row"
      >
        <li
          class="mx-2"
        >
          <a
            data-testid="about"
            href="#about"
          >
            About Me
          </a>
        </li>
        <li
          class="mx-2"
        >
          <span>
            Contact
          </span>
        </li>
        <li
          class="mx-1"
        >
          <span>
            commercial
          </span>
        </li>
        <li
          class="mx-1"
        >
          <span>
            portraits
          </span>
        </li>
        <li
          class="mx-1"
        >
          <span>
            food
          </span>
        </li>
        <li
          class="mx-1"
        >
          <span>
            landscape
          </span>
        </li>
      </ul>
    </nav>
  </header>
</DocumentFragment>
`;
